[assembly: System.CLSCompliantAttribute(true)]
[assembly: System.Runtime.CompilerServices.InternalsVisibleToAttribute(@"NServiceBus.AmazonSQS.AcceptanceTests, PublicKey=00240000048000009400000006020000002400005253413100040000010001007f16e21368ff041183fab592d9e8ed37e7be355e93323147a1d29983d6e591b04282e4da0c9e18bd901e112c0033925eb7d7872c2f1706655891c5c9d57297994f707d16ee9a8f40d978f064ee1ffc73c0db3f4712691b23bf596f75130f4ec978cf78757ec034625a5f27e6bb50c618931ea49f6f628fd74271c32959efb1c5")]
[assembly: System.Runtime.CompilerServices.InternalsVisibleToAttribute(@"NServiceBus.AmazonSQS.Tests, PublicKey=00240000048000009400000006020000002400005253413100040000010001007f16e21368ff041183fab592d9e8ed37e7be355e93323147a1d29983d6e591b04282e4da0c9e18bd901e112c0033925eb7d7872c2f1706655891c5c9d57297994f707d16ee9a8f40d978f064ee1ffc73c0db3f4712691b23bf596f75130f4ec978cf78757ec034625a5f27e6bb50c618931ea49f6f628fd74271c32959efb1c5")]
[assembly: System.Runtime.CompilerServices.InternalsVisibleToAttribute(@"NServiceBus.AmazonSQS.TransportTests, PublicKey=00240000048000009400000006020000002400005253413100040000010001007f16e21368ff041183fab592d9e8ed37e7be355e93323147a1d29983d6e591b04282e4da0c9e18bd901e112c0033925eb7d7872c2f1706655891c5c9d57297994f707d16ee9a8f40d978f064ee1ffc73c0db3f4712691b23bf596f75130f4ec978cf78757ec034625a5f27e6bb50c618931ea49f6f628fd74271c32959efb1c5")]
[assembly: System.Runtime.InteropServices.ComVisibleAttribute(false)]
[assembly: System.Runtime.Versioning.TargetFrameworkAttribute(".NETFramework,Version=v4.5.2", FrameworkDisplayName=".NET Framework 4.5.2")]

namespace NServiceBus
{
    
    public enum SqsCredentialSource
    {
        EnvironmentVariables = 0,
        InstanceProfile = 1,
    }
    public class SqsTransport : NServiceBus.Transport.TransportDefinition, NServiceBus.Routing.IMessageDrivenSubscriptionTransport
    {
        public SqsTransport() { }
        public override string ExampleConnectionStringForErrorMessage { get; }
        public override bool RequiresConnectionString { get; }
        public override NServiceBus.Transport.TransportInfrastructure Initialize(NServiceBus.Settings.SettingsHolder settings, string connectionString) { }
    }
    public class static SqsTransportSettings
    {
        public static NServiceBus.TransportExtensions<NServiceBus.SqsTransport> CredentialSource(this NServiceBus.TransportExtensions<NServiceBus.SqsTransport> transportExtensions, NServiceBus.SqsCredentialSource credentialSource) { }
        public static NServiceBus.TransportExtensions<NServiceBus.SqsTransport> EnableV1CompatibilityMode(this NServiceBus.TransportExtensions<NServiceBus.SqsTransport> transportExtensions) { }
        public static NServiceBus.TransportExtensions<NServiceBus.SqsTransport> MaxTTLDays(this NServiceBus.TransportExtensions<NServiceBus.SqsTransport> transportExtensions, int maxTtlDays) { }
        public static NServiceBus.TransportExtensions<NServiceBus.SqsTransport> NativeDeferral(this NServiceBus.TransportExtensions<NServiceBus.SqsTransport> transportExtensions, bool use = True) { }
        public static NServiceBus.TransportExtensions<NServiceBus.SqsTransport> Proxy(this NServiceBus.TransportExtensions<NServiceBus.SqsTransport> transportExtensions, string proxyHost, int proxyPort) { }
        public static NServiceBus.TransportExtensions<NServiceBus.SqsTransport> QueueNamePrefix(this NServiceBus.TransportExtensions<NServiceBus.SqsTransport> transportExtensions, string queueNamePrefix) { }
        public static NServiceBus.TransportExtensions<NServiceBus.SqsTransport> Region(this NServiceBus.TransportExtensions<NServiceBus.SqsTransport> transportExtensions, string region) { }
        public static NServiceBus.TransportExtensions<NServiceBus.SqsTransport> S3BucketForLargeMessages(this NServiceBus.TransportExtensions<NServiceBus.SqsTransport> transportExtensions, string s3BucketForLargeMessages, string s3KeyPrefix) { }
    }
}